%!Adobe-FontList 1.22
%Locale:0x809

%BeginFont
Handler:DirectoryHandler
FontType:TrueType
FontName:Raleway-Bold
FamilyName:Raleway
StyleName:Bold
FullName:Raleway Bold
MenuName:Raleway
StyleBits:2
WritingScript:Roman
OutlineFileName:F:\monimofull\Font\raleway\Raleway-Bold.ttf
DataFormat:sfntData
hasSVG:no
VariableFontType:NonVariableFont
FileLength:179244
FileModTime:1678070592
WeightClass:700
WidthClass:5
AngleClass:0
NameArray:0,Mac,4,Raleway Bold
NameArray:0,Win,1,Raleway
%EndFont

%BeginFont
Handler:DirectoryHandler
FontType:TrueType
FontName:Raleway-Light
FamilyName:Raleway
StyleName:Light
FullName:Raleway Light
MenuName:Raleway Light
StyleBits:0
WritingScript:Roman
OutlineFileName:F:\monimofull\Font\raleway\Raleway-Light.ttf
DataFormat:sfntData
hasSVG:no
VariableFontType:NonVariableFont
FileLength:182376
FileModTime:1678070592
WeightClass:300
WidthClass:5
AngleClass:0
NameArray:0,Mac,4,Raleway Light
NameArray:0,Win,1,Raleway Light
NameArray:0,Win,16,Raleway
%EndFont

%BeginFont
Handler:DirectoryHandler
FontType:TrueType
FontName:Raleway-Regular
FamilyName:Raleway
StyleName:Regular
FullName:Raleway
MenuName:Raleway
StyleBits:0
WritingScript:Roman
OutlineFileName:F:\monimofull\Font\raleway\Raleway-Regular.ttf
DataFormat:sfntData
hasSVG:no
VariableFontType:NonVariableFont
FileLength:178520
FileModTime:1678070592
WeightClass:400
WidthClass:5
AngleClass:0
NameArray:0,Mac,4,Raleway
NameArray:0,Win,1,Raleway
%EndFont

%BeginFont
Handler:DirectoryHandler
FontType:Invalid
OutlineFileName:F:\monimofull\Font\raleway\SIL Open Font License.txt
FileModTime:1678070592
%EndFont

